nox > Running session tests-3.13(sphinx='8.2')
nox > Reusing existing virtual environment at .nox/tests-3-13-sphinx-8-2.
nox > python -m pip install -c /var/folders/zy/dpt7pvt11fvcm_yxjd7kmv880000gn/T/tmp0wo183ff.txt sphinx==8.2
nox > python -m pip install -c /var/folders/zy/dpt7pvt11fvcm_yxjd7kmv880000gn/T/tmp0wo183ff.txt -e .
nox > python -m sphinx -b jupyter -W tests/base tests/base/_build/jupyter
Running Sphinx v8.2.0
loading translations [en]... done
Converting `source_suffix = '.rst'` to `source_suffix = {'.rst': 'restructuredtext'}`.
loading pickled environment... The configuration has changed (1 option: 'SPHINX_VERSION')
done
building [mo]: targets for 0 po files that are out of date
writing output... 
building [jupyter]: targets for 0 source files that are out of date
updating environment: [config changed ('SPHINX_VERSION')] 26 added, 0 changed, 0 removed
reading sources... [  4%] code_blocks
reading sources... [  8%] code_synonyms
reading sources... [ 12%] collapse
reading sources... [ 15%] dependency
reading sources... [ 19%] download
reading sources... [ 23%] equation_labels
reading sources... [ 27%] footnotes
reading sources... [ 31%] ignore
reading sources... [ 35%] images
reading sources... [ 38%] index
reading sources... [ 42%] inline
reading sources... [ 46%] jupyter
reading sources... [ 50%] links
reading sources... [ 54%] links_target
reading sources... [ 58%] lists
reading sources... [ 62%] literal_include
reading sources... [ 65%] math
reading sources... [ 69%] notes
reading sources... [ 73%] only
reading sources... [ 77%] quote
reading sources... [ 81%] simple_notebook
reading sources... [ 85%] slides
reading sources... [ 88%] solutions
reading sources... [ 92%] syntax
reading sources... [ 96%] tables
reading sources... [100%] tests

looking for now-outdated files... none found
pickling environment... done
checking consistency... done
preparing documents... done
copying assets... 
copying assets: done
writing output... [  4%] code_blocks
writing output... [  8%] code_synonyms
writing output... [ 12%] collapse
writing output... [ 15%] dependency
Copying /Users/mmcky/work/quantecon/sphinx-tojupyter/tests/base/_static/hood.jpg to /Users/mmcky/work/quantecon/sphinx-tojupyter/tests/base/_build/jupyter/hood.jpg
writing output... [ 19%] download
writing output... [ 23%] equation_labels
writing output... [ 27%] footnotes
writing output... [ 31%] ignore
writing output... [ 35%] images
writing output... [ 38%] index
writing output... [ 42%] inline
writing output... [ 46%] jupyter
writing output... [ 50%] links
writing output... [ 54%] links_target
writing output... [ 58%] lists
writing output... [ 62%] literal_include
writing output... [ 65%] math
writing output... [ 69%] notes
writing output... [ 73%] only
writing output... [ 77%] quote
writing output... [ 81%] simple_notebook
writing output... [ 85%] slides
writing output... [ 88%] solutions
writing output... [ 92%] syntax
writing output... [ 96%] tables
writing output... [100%] tests

copying static files... done
build succeeded.
nox > ✅ Basic tests passed
nox > Session tests-3.13(sphinx='8.2') was successful in 2 seconds.
